2026-03-28 11:33:20,867 - INFO - Order placed successfully: {'error': "APIError(code=-4164): Order's notional must be no smaller than 100 (unless you choose reduce only)."}
2026-03-28 11:34:13,787 - INFO - Order placed successfully: {'orderId': 13001380073, 'symbol': 'BTCUSDT', 'status': 'NEW', 'clientOrderId': 'x-Cb7ytekJbce2a40557c7b43ce8fa7a', 'price': '0.00', 'avgPrice': '0.00', 'origQty': '0.002', 'executedQty': '0.000', 'cumQty': '0.000', 'cumQuote': '0.00000', 'timeInForce': 'GTC', 'type': 'MARKET', 'reduceOnly': False, 'closePosition': False, 'side': 'BUY', 'positionSide': 'BOTH', 'stopPrice': '0.00', 'workingType': 'CONTRACT_PRICE', 'priceProtect': False, 'origType': 'MARKET', 'priceMatch': 'NONE', 'selfTradePreventionMode': 'EXPIRE_MAKER', 'goodTillDate': 0, 'updateTime': 1774677853743}
2026-03-28 11:38:23,758 - INFO - Order placed successfully: {'status': 'SUCCESS', 'symbol': 'BTCUSDT', 'orderId': 13001387129, 'side': 'BUY', 'type': 'MARKET', 'origQty': '0.002', 'executedQty': '0.000', 'avgPrice': '0.00', 'orderStatus': 'NEW', 'timestamp': 1774678103714}
2026-03-28 12:00:20,031 - INFO - Order placed successfully: {'status': 'SUCCESS', 'symbol': 'BTCUSDT', 'orderId': 13001422922, 'side': 'SELL', 'type': 'LIMIT', 'origQty': '0.002', 'executedQty': '0.000', 'avgPrice': '0.00', 'orderStatus': 'NEW', 'timestamp': 1774679420014}
2026-03-28 12:00:43,227 - INFO - Order placed successfully: {'status': 'SUCCESS', 'symbol': 'BTCUSDT', 'orderId': 13001423691, 'side': 'BUY', 'type': 'MARKET', 'origQty': '0.002', 'executedQty': '0.000', 'avgPrice': '0.00', 'orderStatus': 'NEW', 'timestamp': 1774679443129}
2026-03-28 17:16:37,579 - INFO - Order placed successfully: {'status': 'SUCCESS', 'symbol': 'BTCUSDT', 'orderId': 13001993765, 'side': 'BUY', 'type': 'MARKET', 'origQty': '0.002', 'executedQty': '0.000', 'avgPrice': '0.00', 'orderStatus': 'NEW', 'timestamp': 1774698397639}
2026-03-28 17:17:02,141 - INFO - Order placed successfully: {'status': 'SUCCESS', 'symbol': 'BTCUSDT', 'orderId': 13001994367, 'side': 'SELL', 'type': 'LIMIT', 'origQty': '0.002', 'executedQty': '0.000', 'avgPrice': '0.00', 'orderStatus': 'NEW', 'timestamp': 1774698422161}
2026-03-28 19:00:41,825 - INFO - Order placed successfully: {'status': 'SUCCESS', 'symbol': 'BTCUSDT', 'orderId': 13002202794, 'side': 'BUY', 'type': 'MARKET', 'origQty': '0.002', 'executedQty': '0.000', 'avgPrice': '0.00', 'orderStatus': 'NEW', 'timestamp': 1774704641530}
2026-03-28 21:09:14,191 - INFO - Order placed successfully: {'status': 'SUCCESS', 'symbol': 'BTCUSDT', 'orderId': 13002442222, 'side': 'SELL', 'type': 'LIMIT', 'origQty': '0.002', 'executedQty': '0.000', 'avgPrice': '0.00', 'orderStatus': 'NEW', 'timestamp': 1774712354449}
2026-03-29 10:53:48,136 - INFO - Order placed successfully: {'status': 'SUCCESS', 'symbol': 'BTCUSDT', 'orderId': 13004634859, 'side': 'SELL', 'type': 'LIMIT', 'origQty': '0.002', 'executedQty': '0.000', 'avgPrice': '0.00', 'orderStatus': 'NEW', 'timestamp': 1774761829346}
2026-03-29 11:04:35,498 - INFO - API Order Response: {'status': 'SUCCESS', 'symbol': 'BTCUSDT', 'orderId': 13004784752, 'side': 'BUY', 'type': 'MARKET', 'origQty': '0.002', 'executedQty': '0.000', 'avgPrice': '0.00', 'orderStatus': 'NEW'}
2026-03-29 11:04:47,557 - INFO - API Order Response: {'status': 'FAILED', 'error': 'APIError(code=-2019): Margin is insufficient.'}
2026-03-29 11:04:57,112 - INFO - API Order Response: {'status': 'SUCCESS', 'symbol': 'BTCUSDT', 'orderId': 13004788031, 'side': 'BUY', 'type': 'MARKET', 'origQty': '0.020', 'executedQty': '0.000', 'avgPrice': '0.00', 'orderStatus': 'NEW'}
2026-03-29 11:13:30,387 - INFO - API Order Response: {'status': 'SUCCESS', 'symbol': 'BTCUSDT', 'orderId': 13004868096, 'side': 'BUY', 'type': 'MARKET', 'origQty': '0.020', 'executedQty': '0.000', 'avgPrice': '0.00', 'orderStatus': 'NEW'}
2026-03-29 11:35:00,101 - INFO - API Order Response: {'status': 'SUCCESS', 'symbol': 'BTCUSDT', 'orderId': 13004915627, 'side': 'BUY', 'type': 'MARKET', 'origQty': '0.250', 'executedQty': '0.000', 'avgPrice': '0.00', 'orderStatus': 'NEW'}
2026-03-29 11:37:49,980 - INFO - API Order Response: {'status': 'FAILED', 'error': 'APIError(code=-2019): Margin is insufficient.'}
2026-03-29 11:38:27,687 - INFO - API Order Response: {'status': 'FAILED', 'error': 'APIError(code=-2019): Margin is insufficient.'}
2026-03-29 11:38:46,317 - INFO - API Order Response: {'status': 'FAILED', 'error': 'APIError(code=-4005): Quantity greater than max quantity.'}
2026-03-29 11:38:57,782 - INFO - API Order Response: {'status': 'SUCCESS', 'symbol': 'BTCUSDT', 'orderId': 13004937512, 'side': 'BUY', 'type': 'MARKET', 'origQty': '0.100', 'executedQty': '0.000', 'avgPrice': '0.00', 'orderStatus': 'NEW'}
2026-03-29 11:43:42,261 - INFO - API Order Response: {'status': 'SUCCESS', 'symbol': 'BTCUSDT', 'orderId': 13004973732, 'side': 'BUY', 'type': 'MARKET', 'origQty': '0.100', 'executedQty': '0.000', 'avgPrice': '0.00', 'orderStatus': 'NEW'}
2026-03-29 11:58:59,910 - INFO - API Order Response: {'status': 'SUCCESS', 'order': {'id': 13005117748, 'symbol': 'BTCUSDT', 'side': 'BUY', 'type': 'MARKET', 'price': '0.00', 'quantity': '0.000', 'state': 'NEW', 'time': 1774765741192}}
2026-03-29 12:01:58,941 - INFO - API Order Response: {'status': 'SUCCESS', 'order': {'id': 13005150516, 'symbol': 'BTCUSDT', 'side': 'BUY', 'type': 'MARKET', 'price': '0.00', 'quantity': '0.000', 'state': 'NEW', 'time': 1774765920225}}
2026-03-29 12:13:47,694 - ERROR - Price is required for LIMIT orders
2026-03-29 12:17:23,619 - ERROR - Price is required for LIMIT orders
